func(func) @ :1:1:4
identifierGrammar(main) @ :1:6:4
lparen(() @ :1:10:1
rparen()) @ :1:11:1
int(int) @ :1:13:3
lbrace({) @ :1:17:1
return(return) @ :2:5:6
numberGrammar(3) @ :2:12:1
rbrace(}) @ :3:1:1
