func(func) @ :1:1:4
identifierGrammar(main) @ :1:6:4
lparen(() @ :1:10:1
rparen()) @ :1:11:1
bool(bool) @ :1:13:4
lbrace({) @ :1:18:1
return(return) @ :2:3:6
false(false) @ :2:10:5
rbrace(}) @ :3:1:1
